Archive member included to satisfy reference by file (symbol)

d:/proteus.pro.8.9.sp2.build.28501.bitdownload.ir/projects/7.0/toolchain/avr8/avr8-gnu-toolchain/bin/../lib/gcc/avr/5.4.0/avr6\libgcc.a(_exit.o)
                              D:/Proteus.Pro.8.9.SP2.Build.28501.bitdownload.ir/projects/7.0/Packs/atmel/ATmega_DFP/1.7.374/gcc/dev/atmega2560/avr6/crtatmega2560.o (exit)
d:/proteus.pro.8.9.sp2.build.28501.bitdownload.ir/projects/7.0/toolchain/avr8/avr8-gnu-toolchain/bin/../lib/gcc/avr/5.4.0/avr6\libgcc.a(_tablejump2.o)
                              main.o (__tablejump2__)
d:/proteus.pro.8.9.sp2.build.28501.bitdownload.ir/projects/7.0/toolchain/avr8/avr8-gnu-toolchain/bin/../lib/gcc/avr/5.4.0/avr6\libgcc.a(_copy_data.o)
                              main.o (__do_copy_data)
d:/proteus.pro.8.9.sp2.build.28501.bitdownload.ir/projects/7.0/toolchain/avr8/avr8-gnu-toolchain/bin/../lib/gcc/avr/5.4.0/avr6\libgcc.a(_clear_bss.o)
                              main.o (__do_clear_bss)
d:/proteus.pro.8.9.sp2.build.28501.bitdownload.ir/projects/7.0/toolchain/avr8/avr8-gnu-toolchain/bin/../lib/gcc/avr/5.4.0/../../../../avr/lib/avr6\libc.a(atoi.o)
                              main.o (atoi)
d:/proteus.pro.8.9.sp2.build.28501.bitdownload.ir/projects/7.0/toolchain/avr8/avr8-gnu-toolchain/bin/../lib/gcc/avr/5.4.0/../../../../avr/lib/avr6\libc.a(mul10.o)
                              d:/proteus.pro.8.9.sp2.build.28501.bitdownload.ir/projects/7.0/toolchain/avr8/avr8-gnu-toolchain/bin/../lib/gcc/avr/5.4.0/../../../../avr/lib/avr6\libc.a(atoi.o) (__mulhi_const_10)
d:/proteus.pro.8.9.sp2.build.28501.bitdownload.ir/projects/7.0/toolchain/avr8/avr8-gnu-toolchain/bin/../lib/gcc/avr/5.4.0/../../../../avr/lib/avr6\libc.a(sprintf.o)
                              main.o (sprintf)
d:/proteus.pro.8.9.sp2.build.28501.bitdownload.ir/projects/7.0/toolchain/avr8/avr8-gnu-toolchain/bin/../lib/gcc/avr/5.4.0/../../../../avr/lib/avr6\libc.a(vfprintf_std.o)
                              d:/proteus.pro.8.9.sp2.build.28501.bitdownload.ir/projects/7.0/toolchain/avr8/avr8-gnu-toolchain/bin/../lib/gcc/avr/5.4.0/../../../../avr/lib/avr6\libc.a(sprintf.o) (vfprintf)
d:/proteus.pro.8.9.sp2.build.28501.bitdownload.ir/projects/7.0/toolchain/avr8/avr8-gnu-toolchain/bin/../lib/gcc/avr/5.4.0/../../../../avr/lib/avr6\libc.a(strnlen_P.o)
                              d:/proteus.pro.8.9.sp2.build.28501.bitdownload.ir/projects/7.0/toolchain/avr8/avr8-gnu-toolchain/bin/../lib/gcc/avr/5.4.0/../../../../avr/lib/avr6\libc.a(vfprintf_std.o) (strnlen_P)
d:/proteus.pro.8.9.sp2.build.28501.bitdownload.ir/projects/7.0/toolchain/avr8/avr8-gnu-toolchain/bin/../lib/gcc/avr/5.4.0/../../../../avr/lib/avr6\libc.a(strnlen.o)
                              d:/proteus.pro.8.9.sp2.build.28501.bitdownload.ir/projects/7.0/toolchain/avr8/avr8-gnu-toolchain/bin/../lib/gcc/avr/5.4.0/../../../../avr/lib/avr6\libc.a(vfprintf_std.o) (strnlen)
d:/proteus.pro.8.9.sp2.build.28501.bitdownload.ir/projects/7.0/toolchain/avr8/avr8-gnu-toolchain/bin/../lib/gcc/avr/5.4.0/../../../../avr/lib/avr6\libc.a(fputc.o)
                              d:/proteus.pro.8.9.sp2.build.28501.bitdownload.ir/projects/7.0/toolchain/avr8/avr8-gnu-toolchain/bin/../lib/gcc/avr/5.4.0/../../../../avr/lib/avr6\libc.a(vfprintf_std.o) (fputc)
d:/proteus.pro.8.9.sp2.build.28501.bitdownload.ir/projects/7.0/toolchain/avr8/avr8-gnu-toolchain/bin/../lib/gcc/avr/5.4.0/../../../../avr/lib/avr6\libc.a(ultoa_invert.o)
                              d:/proteus.pro.8.9.sp2.build.28501.bitdownload.ir/projects/7.0/toolchain/avr8/avr8-gnu-toolchain/bin/../lib/gcc/avr/5.4.0/../../../../avr/lib/avr6\libc.a(vfprintf_std.o) (__ultoa_invert)
D:/Proteus.Pro.8.9.SP2.Build.28501.bitdownload.ir/projects/7.0/Packs/atmel/ATmega_DFP/1.7.374/gcc/dev/atmega2560/avr6\libatmega2560.a(eerd_block.o)
                              main.o (eeprom_read_block)
D:/Proteus.Pro.8.9.SP2.Build.28501.bitdownload.ir/projects/7.0/Packs/atmel/ATmega_DFP/1.7.374/gcc/dev/atmega2560/avr6\libatmega2560.a(eeupd_block.o)
                              main.o (eeprom_update_block)
D:/Proteus.Pro.8.9.SP2.Build.28501.bitdownload.ir/projects/7.0/Packs/atmel/ATmega_DFP/1.7.374/gcc/dev/atmega2560/avr6\libatmega2560.a(eeupd_byte.o)
                              D:/Proteus.Pro.8.9.SP2.Build.28501.bitdownload.ir/projects/7.0/Packs/atmel/ATmega_DFP/1.7.374/gcc/dev/atmega2560/avr6\libatmega2560.a(eeupd_block.o) (eeprom_update_r18)

Discarded input sections

 .data          0x00000000        0x0 D:/Proteus.Pro.8.9.SP2.Build.28501.bitdownload.ir/projects/7.0/Packs/atmel/ATmega_DFP/1.7.374/gcc/dev/atmega2560/avr6/crtatmega2560.o
 .bss           0x00000000        0x0 D:/Proteus.Pro.8.9.SP2.Build.28501.bitdownload.ir/projects/7.0/Packs/atmel/ATmega_DFP/1.7.374/gcc/dev/atmega2560/avr6/crtatmega2560.o
 .text          0x00000000        0x0 main.o
 .data          0x00000000        0x0 main.o
 .bss           0x00000000        0x0 main.o
 .text.retrieve_configs
                0x00000000      0x112 main.o
 .text.int_to_string
                0x00000000       0x32 main.o
 .text.keypad_to_lcd
                0x00000000       0x32 main.o
 .data.converted_string
                0x00000000        0x2 main.o
 .bss.num_bottles
                0x00000000        0x2 main.o
 .data.pressed_key
                0x00000000        0x2 main.o
 .bss.counter   0x00000000        0x2 main.o
 .text          0x00000000        0x0 d:/proteus.pro.8.9.sp2.build.28501.bitdownload.ir/projects/7.0/toolchain/avr8/avr8-gnu-toolchain/bin/../lib/gcc/avr/5.4.0/avr6\libgcc.a(_exit.o)
 .data          0x00000000        0x0 d:/proteus.pro.8.9.sp2.build.28501.bitdownload.ir/projects/7.0/toolchain/avr8/avr8-gnu-toolchain/bin/../lib/gcc/avr/5.4.0/avr6\libgcc.a(_exit.o)
 .bss           0x00000000        0x0 d:/proteus.pro.8.9.sp2.build.28501.bitdownload.ir/projects/7.0/toolchain/avr8/avr8-gnu-toolchain/bin/../lib/gcc/avr/5.4.0/avr6\libgcc.a(_exit.o)
 .text.libgcc.mul
                0x00000000        0x0 d:/proteus.pro.8.9.sp2.build.28501.bitdownload.ir/projects/7.0/toolchain/avr8/avr8-gnu-toolchain/bin/../lib/gcc/avr/5.4.0/avr6\libgcc.a(_exit.o)
 .text.libgcc.div
                0x00000000        0x0 d:/proteus.pro.8.9.sp2.build.28501.bitdownload.ir/projects/7.0/toolchain/avr8/avr8-gnu-toolchain/bin/../lib/gcc/avr/5.4.0/avr6\libgcc.a(_exit.o)
 .text.libgcc   0x00000000        0x0 d:/proteus.pro.8.9.sp2.build.28501.bitdownload.ir/projects/7.0/toolchain/avr8/avr8-gnu-toolchain/bin/../lib/gcc/avr/5.4.0/avr6\libgcc.a(_exit.o)
 .text.libgcc.prologue
                0x00000000        0x0 d:/proteus.pro.8.9.sp2.build.28501.bitdownload.ir/projects/7.0/toolchain/avr8/avr8-gnu-toolchain/bin/../lib/gcc/avr/5.4.0/avr6\libgcc.a(_exit.o)
 .text.libgcc.builtins
                0x00000000        0x0 d:/proteus.pro.8.9.sp2.build.28501.bitdownload.ir/projects/7.0/toolchain/avr8/avr8-gnu-toolchain/bin/../lib/gcc/avr/5.4.0/avr6\libgcc.a(_exit.o)
 .text.libgcc.fmul
                0x00000000        0x0 d:/proteus.pro.8.9.sp2.build.28501.bitdownload.ir/projects/7.0/toolchain/avr8/avr8-gnu-toolchain/bin/../lib/gcc/avr/5.4.0/avr6\libgcc.a(_exit.o)
 .text.libgcc.fixed
                0x00000000        0x0 d:/proteus.pro.8.9.sp2.build.28501.bitdownload.ir/projects/7.0/toolchain/avr8/avr8-gnu-toolchain/bin/../lib/gcc/avr/5.4.0/avr6\libgcc.a(_exit.o)
 .text          0x00000000        0x0 d:/proteus.pro.8.9.sp2.build.28501.bitdownload.ir/projects/7.0/toolchain/avr8/avr8-gnu-toolchain/bin/../lib/gcc/avr/5.4.0/avr6\libgcc.a(_tablejump2.o)
 .data          0x00000000        0x0 d:/proteus.pro.8.9.sp2.build.28501.bitdownload.ir/projects/7.0/toolchain/avr8/avr8-gnu-toolchain/bin/../lib/gcc/avr/5.4.0/avr6\libgcc.a(_tablejump2.o)
 .bss           0x00000000        0x0 d:/proteus.pro.8.9.sp2.build.28501.bitdownload.ir/projects/7.0/toolchain/avr8/avr8-gnu-toolchain/bin/../lib/gcc/avr/5.4.0/avr6\libgcc.a(_tablejump2.o)
 .text.libgcc.mul
                0x00000000        0x0 d:/proteus.pro.8.9.sp2.build.28501.bitdownload.ir/projects/7.0/toolchain/avr8/avr8-gnu-toolchain/bin/../lib/gcc/avr/5.4.0/avr6\libgcc.a(_tablejump2.o)
 .text.libgcc.div
                0x00000000        0x0 d:/proteus.pro.8.9.sp2.build.28501.bitdownload.ir/projects/7.0/toolchain/avr8/avr8-gnu-toolchain/bin/../lib/gcc/avr/5.4.0/avr6\libgcc.a(_tablejump2.o)
 .text.libgcc.prologue
                0x00000000        0x0 d:/proteus.pro.8.9.sp2.build.28501.bitdownload.ir/projects/7.0/toolchain/avr8/avr8-gnu-toolchain/bin/../lib/gcc/avr/5.4.0/avr6\libgcc.a(_tablejump2.o)
 .text.libgcc.builtins
                0x00000000        0x0 d:/proteus.pro.8.9.sp2.build.28501.bitdownload.ir/projects/7.0/toolchain/avr8/avr8-gnu-toolchain/bin/../lib/gcc/avr/5.4.0/avr6\libgcc.a(_tablejump2.o)
 .text.libgcc.fmul
                0x00000000        0x0 d:/proteus.pro.8.9.sp2.build.28501.bitdownload.ir/projects/7.0/toolchain/avr8/avr8-gnu-toolchain/bin/../lib/gcc/avr/5.4.0/avr6\libgcc.a(_tablejump2.o)
 .text.libgcc.fixed
                0x00000000        0x0 d:/proteus.pro.8.9.sp2.build.28501.bitdownload.ir/projects/7.0/toolchain/avr8/avr8-gnu-toolchain/bin/../lib/gcc/avr/5.4.0/avr6\libgcc.a(_tablejump2.o)
 .text          0x00000000        0x0 d:/proteus.pro.8.9.sp2.build.28501.bitdownload.ir/projects/7.0/toolchain/avr8/avr8-gnu-toolchain/bin/../lib/gcc/avr/5.4.0/avr6\libgcc.a(_copy_data.o)
 .data          0x00000000        0x0 d:/proteus.pro.8.9.sp2.build.28501.bitdownload.ir/projects/7.0/toolchain/avr8/avr8-gnu-toolchain/bin/../lib/gcc/avr/5.4.0/avr6\libgcc.a(_copy_data.o)
 .bss           0x00000000        0x0 d:/proteus.pro.8.9.sp2.build.28501.bitdownload.ir/projects/7.0/toolchain/avr8/avr8-gnu-toolchain/bin/../lib/gcc/avr/5.4.0/avr6\libgcc.a(_copy_data.o)
 .text.libgcc.mul
                0x00000000        0x0 d:/proteus.pro.8.9.sp2.build.28501.bitdownload.ir/projects/7.0/toolchain/avr8/avr8-gnu-toolchain/bin/../lib/gcc/avr/5.4.0/avr6\libgcc.a(_copy_data.o)
 .text.libgcc.div
                0x00000000        0x0 d:/proteus.pro.8.9.sp2.build.28501.bitdownload.ir/projects/7.0/toolchain/avr8/avr8-gnu-toolchain/bin/../lib/gcc/avr/5.4.0/avr6\libgcc.a(_copy_data.o)
 .text.libgcc   0x00000000        0x0 d:/proteus.pro.8.9.sp2.build.28501.bitdownload.ir/projects/7.0/toolchain/avr8/avr8-gnu-toolchain/bin/../lib/gcc/avr/5.4.0/avr6\libgcc.a(_copy_data.o)
 .text.libgcc.prologue
                0x00000000        0x0 d:/proteus.pro.8.9.sp2.build.28501.bitdownload.ir/projects/7.0/toolchain/avr8/avr8-gnu-toolchain/bin/../lib/gcc/avr/5.4.0/avr6\libgcc.a(_copy_data.o)
 .text.libgcc.builtins
                0x00000000        0x0 d:/proteus.pro.8.9.sp2.build.28501.bitdownload.ir/projects/7.0/toolchain/avr8/avr8-gnu-toolchain/bin/../lib/gcc/avr/5.4.0/avr6\libgcc.a(_copy_data.o)
 .text.libgcc.fmul
                0x00000000        0x0 d:/proteus.pro.8.9.sp2.build.28501.bitdownload.ir/projects/7.0/toolchain/avr8/avr8-gnu-toolchain/bin/../lib/gcc/avr/5.4.0/avr6\libgcc.a(_copy_data.o)
 .text.libgcc.fixed
                0x00000000        0x0 d:/proteus.pro.8.9.sp2.build.28501.bitdownload.ir/projects/7.0/toolchain/avr8/avr8-gnu-toolchain/bin/../lib/gcc/avr/5.4.0/avr6\libgcc.a(_copy_data.o)
 .text          0x00000000        0x0 d:/proteus.pro.8.9.sp2.build.28501.bitdownload.ir/projects/7.0/toolchain/avr8/avr8-gnu-toolchain/bin/../lib/gcc/avr/5.4.0/avr6\libgcc.a(_clear_bss.o)
 .data          0x00000000        0x0 d:/proteus.pro.8.9.sp2.build.28501.bitdownload.ir/projects/7.0/toolchain/avr8/avr8-gnu-toolchain/bin/../lib/gcc/avr/5.4.0/avr6\libgcc.a(_clear_bss.o)
 .bss           0x00000000        0x0 d:/proteus.pro.8.9.sp2.build.28501.bitdownload.ir/projects/7.0/toolchain/avr8/avr8-gnu-toolchain/bin/../lib/gcc/avr/5.4.0/avr6\libgcc.a(_clear_bss.o)
 .text.libgcc.mul
                0x00000000        0x0 d:/proteus.pro.8.9.sp2.build.28501.bitdownload.ir/projects/7.0/toolchain/avr8/avr8-gnu-toolchain/bin/../lib/gcc/avr/5.4.0/avr6\libgcc.a(_clear_bss.o)
 .text.libgcc.div
                0x00000000        0x0 d:/proteus.pro.8.9.sp2.build.28501.bitdownload.ir/projects/7.0/toolchain/avr8/avr8-gnu-toolchain/bin/../lib/gcc/avr/5.4.0/avr6\libgcc.a(_clear_bss.o)
 .text.libgcc   0x00000000        0x0 d:/proteus.pro.8.9.sp2.build.28501.bitdownload.ir/projects/7.0/toolchain/avr8/avr8-gnu-toolchain/bin/../lib/gcc/avr/5.4.0/avr6\libgcc.a(_clear_bss.o)
 .text.libgcc.prologue
                0x00000000        0x0 d:/proteus.pro.8.9.sp2.build.28501.bitdownload.ir/projects/7.0/toolchain/avr8/avr8-gnu-toolchain/bin/../lib/gcc/avr/5.4.0/avr6\libgcc.a(_clear_bss.o)
 .text.libgcc.builtins
                0x00000000        0x0 d:/proteus.pro.8.9.sp2.build.28501.bitdownload.ir/projects/7.0/toolchain/avr8/avr8-gnu-toolchain/bin/../lib/gcc/avr/5.4.0/avr6\libgcc.a(_clear_bss.o)
 .text.libgcc.fmul
                0x00000000        0x0 d:/proteus.pro.8.9.sp2.build.28501.bitdownload.ir/projects/7.0/toolchain/avr8/avr8-gnu-toolchain/bin/../lib/gcc/avr/5.4.0/avr6\libgcc.a(_clear_bss.o)
 .text.libgcc.fixed
                0x00000000        0x0 d:/proteus.pro.8.9.sp2.build.28501.bitdownload.ir/projects/7.0/toolchain/avr8/avr8-gnu-toolchain/bin/../lib/gcc/avr/5.4.0/avr6\libgcc.a(_clear_bss.o)
 .text          0x00000000        0x0 d:/proteus.pro.8.9.sp2.build.28501.bitdownload.ir/projects/7.0/toolchain/avr8/avr8-gnu-toolchain/bin/../lib/gcc/avr/5.4.0/../../../../avr/lib/avr6\libc.a(atoi.o)
 .data          0x00000000        0x0 d:/proteus.pro.8.9.sp2.build.28501.bitdownload.ir/projects/7.0/toolchain/avr8/avr8-gnu-toolchain/bin/../lib/gcc/avr/5.4.0/../../../../avr/lib/avr6\libc.a(atoi.o)
 .bss           0x00000000        0x0 d:/proteus.pro.8.9.sp2.build.28501.bitdownload.ir/projects/7.0/toolchain/avr8/avr8-gnu-toolchain/bin/../lib/gcc/avr/5.4.0/../../../../avr/lib/avr6\libc.a(atoi.o)
 .text          0x00000000        0x0 d:/proteus.pro.8.9.sp2.build.28501.bitdownload.ir/projects/7.0/toolchain/avr8/avr8-gnu-toolchain/bin/../lib/gcc/avr/5.4.0/../../../../avr/lib/avr6\libc.a(mul10.o)
 .data          0x00000000        0x0 d:/proteus.pro.8.9.sp2.build.28501.bitdownload.ir/projects/7.0/toolchain/avr8/avr8-gnu-toolchain/bin/../lib/gcc/avr/5.4.0/../../../../avr/lib/avr6\libc.a(mul10.o)
 .bss           0x00000000        0x0 d:/proteus.pro.8.9.sp2.build.28501.bitdownload.ir/projects/7.0/toolchain/avr8/avr8-gnu-toolchain/bin/../lib/gcc/avr/5.4.0/../../../../avr/lib/avr6\libc.a(mul10.o)
 .text          0x00000000        0x0 d:/proteus.pro.8.9.sp2.build.28501.bitdownload.ir/projects/7.0/toolchain/avr8/avr8-gnu-toolchain/bin/../lib/gcc/avr/5.4.0/../../../../avr/lib/avr6\libc.a(sprintf.o)
 .data          0x00000000        0x0 d:/proteus.pro.8.9.sp2.build.28501.bitdownload.ir/projects/7.0/toolchain/avr8/avr8-gnu-toolchain/bin/../lib/gcc/avr/5.4.0/../../../../avr/lib/avr6\libc.a(sprintf.o)
 .bss           0x00000000        0x0 d:/proteus.pro.8.9.sp2.build.28501.bitdownload.ir/projects/7.0/toolchain/avr8/avr8-gnu-toolchain/bin/../lib/gcc/avr/5.4.0/../../../../avr/lib/avr6\libc.a(sprintf.o)
 .text          0x00000000        0x0 d:/proteus.pro.8.9.sp2.build.28501.bitdownload.ir/projects/7.0/toolchain/avr8/avr8-gnu-toolchain/bin/../lib/gcc/avr/5.4.0/../../../../avr/lib/avr6\libc.a(vfprintf_std.o)
 .data          0x00000000        0x0 d:/proteus.pro.8.9.sp2.build.28501.bitdownload.ir/projects/7.0/toolchain/avr8/avr8-gnu-toolchain/bin/../lib/gcc/avr/5.4.0/../../../../avr/lib/avr6\libc.a(vfprintf_std.o)
 .bss           0x00000000        0x0 d:/proteus.pro.8.9.sp2.build.28501.bitdownload.ir/projects/7.0/toolchain/avr8/avr8-gnu-toolchain/bin/../lib/gcc/avr/5.4.0/../../../../avr/lib/avr6\libc.a(vfprintf_std.o)
 .text          0x00000000        0x0 d:/proteus.pro.8.9.sp2.build.28501.bitdownload.ir/projects/7.0/toolchain/avr8/avr8-gnu-toolchain/bin/../lib/gcc/avr/5.4.0/../../../../avr/lib/avr6\libc.a(strnlen_P.o)
 .data          0x00000000        0x0 d:/proteus.pro.8.9.sp2.build.28501.bitdownload.ir/projects/7.0/toolchain/avr8/avr8-gnu-toolchain/bin/../lib/gcc/avr/5.4.0/../../../../avr/lib/avr6\libc.a(strnlen_P.o)
 .bss           0x00000000        0x0 d:/proteus.pro.8.9.sp2.build.28501.bitdownload.ir/projects/7.0/toolchain/avr8/avr8-gnu-toolchain/bin/../lib/gcc/avr/5.4.0/../../../../avr/lib/avr6\libc.a(strnlen_P.o)
 .text          0x00000000        0x0 d:/proteus.pro.8.9.sp2.build.28501.bitdownload.ir/projects/7.0/toolchain/avr8/avr8-gnu-toolchain/bin/../lib/gcc/avr/5.4.0/../../../../avr/lib/avr6\libc.a(strnlen.o)
 .data          0x00000000        0x0 d:/proteus.pro.8.9.sp2.build.28501.bitdownload.ir/projects/7.0/toolchain/avr8/avr8-gnu-toolchain/bin/../lib/gcc/avr/5.4.0/../../../../avr/lib/avr6\libc.a(strnlen.o)
 .bss           0x00000000        0x0 d:/proteus.pro.8.9.sp2.build.28501.bitdownload.ir/projects/7.0/toolchain/avr8/avr8-gnu-toolchain/bin/../lib/gcc/avr/5.4.0/../../../../avr/lib/avr6\libc.a(strnlen.o)
 .text          0x00000000        0x0 d:/proteus.pro.8.9.sp2.build.28501.bitdownload.ir/projects/7.0/toolchain/avr8/avr8-gnu-toolchain/bin/../lib/gcc/avr/5.4.0/../../../../avr/lib/avr6\libc.a(fputc.o)
 .data          0x00000000        0x0 d:/proteus.pro.8.9.sp2.build.28501.bitdownload.ir/projects/7.0/toolchain/avr8/avr8-gnu-toolchain/bin/../lib/gcc/avr/5.4.0/../../../../avr/lib/avr6\libc.a(fputc.o)
 .bss           0x00000000        0x0 d:/proteus.pro.8.9.sp2.build.28501.bitdownload.ir/projects/7.0/toolchain/avr8/avr8-gnu-toolchain/bin/../lib/gcc/avr/5.4.0/../../../../avr/lib/avr6\libc.a(fputc.o)
 .text          0x00000000        0x0 d:/proteus.pro.8.9.sp2.build.28501.bitdownload.ir/projects/7.0/toolchain/avr8/avr8-gnu-toolchain/bin/../lib/gcc/avr/5.4.0/../../../../avr/lib/avr6\libc.a(ultoa_invert.o)
 .data          0x00000000        0x0 d:/proteus.pro.8.9.sp2.build.28501.bitdownload.ir/projects/7.0/toolchain/avr8/avr8-gnu-toolchain/bin/../lib/gcc/avr/5.4.0/../../../../avr/lib/avr6\libc.a(ultoa_invert.o)
 .bss           0x00000000        0x0 d:/proteus.pro.8.9.sp2.build.28501.bitdownload.ir/projects/7.0/toolchain/avr8/avr8-gnu-toolchain/bin/../lib/gcc/avr/5.4.0/../../../../avr/lib/avr6\libc.a(ultoa_invert.o)
 .text          0x00000000        0x0 D:/Proteus.Pro.8.9.SP2.Build.28501.bitdownload.ir/projects/7.0/Packs/atmel/ATmega_DFP/1.7.374/gcc/dev/atmega2560/avr6\libatmega2560.a(eerd_block.o)
 .data          0x00000000        0x0 D:/Proteus.Pro.8.9.SP2.Build.28501.bitdownload.ir/projects/7.0/Packs/atmel/ATmega_DFP/1.7.374/gcc/dev/atmega2560/avr6\libatmega2560.a(eerd_block.o)
 .bss           0x00000000        0x0 D:/Proteus.Pro.8.9.SP2.Build.28501.bitdownload.ir/projects/7.0/Packs/atmel/ATmega_DFP/1.7.374/gcc/dev/atmega2560/avr6\libatmega2560.a(eerd_block.o)
 .text          0x00000000        0x0 D:/Proteus.Pro.8.9.SP2.Build.28501.bitdownload.ir/projects/7.0/Packs/atmel/ATmega_DFP/1.7.374/gcc/dev/atmega2560/avr6\libatmega2560.a(eeupd_block.o)
 .data          0x00000000        0x0 D:/Proteus.Pro.8.9.SP2.Build.28501.bitdownload.ir/projects/7.0/Packs/atmel/ATmega_DFP/1.7.374/gcc/dev/atmega2560/avr6\libatmega2560.a(eeupd_block.o)
 .bss           0x00000000        0x0 D:/Proteus.Pro.8.9.SP2.Build.28501.bitdownload.ir/projects/7.0/Packs/atmel/ATmega_DFP/1.7.374/gcc/dev/atmega2560/avr6\libatmega2560.a(eeupd_block.o)
 .text          0x00000000        0x0 D:/Proteus.Pro.8.9.SP2.Build.28501.bitdownload.ir/projects/7.0/Packs/atmel/ATmega_DFP/1.7.374/gcc/dev/atmega2560/avr6\libatmega2560.a(eeupd_byte.o)
 .data          0x00000000        0x0 D:/Proteus.Pro.8.9.SP2.Build.28501.bitdownload.ir/projects/7.0/Packs/atmel/ATmega_DFP/1.7.374/gcc/dev/atmega2560/avr6\libatmega2560.a(eeupd_byte.o)
 .bss           0x00000000        0x0 D:/Proteus.Pro.8.9.SP2.Build.28501.bitdownload.ir/projects/7.0/Packs/atmel/ATmega_DFP/1.7.374/gcc/dev/atmega2560/avr6\libatmega2560.a(eeupd_byte.o)

Memory Configuration

Name             Origin             Length             Attributes
text             0x00000000         0x00040000         xr
data             0x00800200         0x00002000         rw !x
eeprom           0x00810000         0x00001000         rw !x
fuse             0x00820000         0x00000003         rw !x
lock             0x00830000         0x00000400         rw !x
signature        0x00840000         0x00000400         rw !x
user_signatures  0x00850000         0x00000400         rw !x
*default*        0x00000000         0xffffffff

Linker script and memory map

Address of section .data set to 0x800200
LOAD D:/Proteus.Pro.8.9.SP2.Build.28501.bitdownload.ir/projects/7.0/Packs/atmel/ATmega_DFP/1.7.374/gcc/dev/atmega2560/avr6/crtatmega2560.o
LOAD main.o
START GROUP
LOAD d:/proteus.pro.8.9.sp2.build.28501.bitdownload.ir/projects/7.0/toolchain/avr8/avr8-gnu-toolchain/bin/../lib/gcc/avr/5.4.0/../../../../avr/lib/avr6\libm.a
END GROUP
START GROUP
LOAD d:/proteus.pro.8.9.sp2.build.28501.bitdownload.ir/projects/7.0/toolchain/avr8/avr8-gnu-toolchain/bin/../lib/gcc/avr/5.4.0/avr6\libgcc.a
LOAD d:/proteus.pro.8.9.sp2.build.28501.bitdownload.ir/projects/7.0/toolchain/avr8/avr8-gnu-toolchain/bin/../lib/gcc/avr/5.4.0/../../../../avr/lib/avr6\libm.a
LOAD d:/proteus.pro.8.9.sp2.build.28501.bitdownload.ir/projects/7.0/toolchain/avr8/avr8-gnu-toolchain/bin/../lib/gcc/avr/5.4.0/../../../../avr/lib/avr6\libc.a
LOAD D:/Proteus.Pro.8.9.SP2.Build.28501.bitdownload.ir/projects/7.0/Packs/atmel/ATmega_DFP/1.7.374/gcc/dev/atmega2560/avr6\libatmega2560.a
END GROUP
                0x00000000                __TEXT_REGION_ORIGIN__ = DEFINED (__TEXT_REGION_ORIGIN__)?__TEXT_REGION_ORIGIN__:0x0
                [0x00800200]                __DATA_REGION_ORIGIN__ = DEFINED (__DATA_REGION_ORIGIN__)?__DATA_REGION_ORIGIN__:0x800200
                [0x00040000]                __TEXT_REGION_LENGTH__ = DEFINED (__TEXT_REGION_LENGTH__)?__TEXT_REGION_LENGTH__:0x100000
                [0x00002000]                __DATA_REGION_LENGTH__ = DEFINED (__DATA_REGION_LENGTH__)?__DATA_REGION_LENGTH__:0xfe00
                [0x00001000]                __EEPROM_REGION_LENGTH__ = DEFINED (__EEPROM_REGION_LENGTH__)?__EEPROM_REGION_LENGTH__:0x10000
                [0x00000003]                __FUSE_REGION_LENGTH__ = DEFINED (__FUSE_REGION_LENGTH__)?__FUSE_REGION_LENGTH__:0x400
                0x00000400                __LOCK_REGION_LENGTH__ = DEFINED (__LOCK_REGION_LENGTH__)?__LOCK_REGION_LENGTH__:0x400
                0x00000400                __SIGNATURE_REGION_LENGTH__ = DEFINED (__SIGNATURE_REGION_LENGTH__)?__SIGNATURE_REGION_LENGTH__:0x400
                0x00000400                __USER_SIGNATURE_REGION_LENGTH__ = DEFINED (__USER_SIGNATURE_REGION_LENGTH__)?__USER_SIGNATURE_REGION_LENGTH__:0x400

.hash
 *(.hash)

.dynsym
 *(.dynsym)

.dynstr
 *(.dynstr)

.gnu.version
 *(.gnu.version)

.gnu.version_d
 *(.gnu.version_d)

.gnu.version_r
 *(.gnu.version_r)

.rel.init
 *(.rel.init)

.rela.init
 *(.rela.init)

.rel.text
 *(.rel.text)
 *(.rel.text.*)
 *(.rel.gnu.linkonce.t*)

.rela.text
 *(.rela.text)
 *(.rela.text.*)
 *(.rela.gnu.linkonce.t*)

.rel.fini
 *(.rel.fini)

.rela.fini
 *(.rela.fini)

.rel.rodata
 *(.rel.rodata)
 *(.rel.rodata.*)
 *(.rel.gnu.linkonce.r*)

.rela.rodata
 *(.rela.rodata)
 *(.rela.rodata.*)
 *(.rela.gnu.linkonce.r*)

.rel.data
 *(.rel.data)
 *(.rel.data.*)
 *(.rel.gnu.linkonce.d*)

.rela.data
 *(.rela.data)
 *(.rela.data.*)
 *(.rela.gnu.linkonce.d*)

.rel.ctors
 *(.rel.ctors)

.rela.ctors
 *(.rela.ctors)

.rel.dtors
 *(.rel.dtors)

.rela.dtors
 *(.rela.dtors)

.rel.got
 *(.rel.got)

.rela.got
 *(.rela.got)

.rel.bss
 *(.rel.bss)

.rela.bss
 *(.rela.bss)

.rel.plt
 *(.rel.plt)

.rela.plt
 *(.rela.plt)

.text           0x00000000     0x1d08
 *(.vectors)
 .vectors       0x00000000       0xe4 D:/Proteus.Pro.8.9.SP2.Build.28501.bitdownload.ir/projects/7.0/Packs/atmel/ATmega_DFP/1.7.374/gcc/dev/atmega2560/avr6/crtatmega2560.o
                0x00000000                __vector_default
                0x00000000                __vectors
 *(.vectors)
 *(.progmem.gcc*)
 .progmem.gcc_sw_table.handleSerialConsole
                0x000000e4       0x12 main.o
                0x000000f6                . = ALIGN (0x2)
                0x000000f6                __trampolines_start = .
 *(.trampolines)
 .trampolines   0x000000f6        0x0 linker stubs
 *(.trampolines*)
                0x000000f6                __trampolines_end = .
 *libprintf_flt.a:*(.progmem.data)
 *libc.a:*(.progmem.data)
 *(.progmem*)
                0x000000f6                . = ALIGN (0x2)
 *(.jumptables)
 *(.jumptables*)
 *(.lowtext)
 *(.lowtext*)
                0x000000f6                __ctors_start = .
 *(.ctors)
                0x000000f6                __ctors_end = .
                0x000000f6                __dtors_start = .
 *(.dtors)
                0x000000f6                __dtors_end = .
 SORT(*)(.ctors)
 SORT(*)(.dtors)
 *(.init0)
 .init0         0x000000f6        0x0 D:/Proteus.Pro.8.9.SP2.Build.28501.bitdownload.ir/projects/7.0/Packs/atmel/ATmega_DFP/1.7.374/gcc/dev/atmega2560/avr6/crtatmega2560.o
                0x000000f6                __init
 *(.init0)
 *(.init1)
 *(.init1)
 *(.init2)
 .init2         0x000000f6       0x10 D:/Proteus.Pro.8.9.SP2.Build.28501.bitdownload.ir/projects/7.0/Packs/atmel/ATmega_DFP/1.7.374/gcc/dev/atmega2560/avr6/crtatmega2560.o
 *(.init2)
 *(.init3)
 *(.init3)
 *(.init4)
 .init4         0x00000106       0x1a d:/proteus.pro.8.9.sp2.build.28501.bitdownload.ir/projects/7.0/toolchain/avr8/avr8-gnu-toolchain/bin/../lib/gcc/avr/5.4.0/avr6\libgcc.a(_copy_data.o)
                0x00000106                __do_copy_data
 .init4         0x00000120       0x10 d:/proteus.pro.8.9.sp2.build.28501.bitdownload.ir/projects/7.0/toolchain/avr8/avr8-gnu-toolchain/bin/../lib/gcc/avr/5.4.0/avr6\libgcc.a(_clear_bss.o)
                0x00000120                __do_clear_bss
 *(.init4)
 *(.init5)
 *(.init5)
 *(.init6)
 *(.init6)
 *(.init7)
 *(.init7)
 *(.init8)
 *(.init8)
 *(.init9)
 .init9         0x00000130        0x8 D:/Proteus.Pro.8.9.SP2.Build.28501.bitdownload.ir/projects/7.0/Packs/atmel/ATmega_DFP/1.7.374/gcc/dev/atmega2560/avr6/crtatmega2560.o
 *(.init9)
 *(.text)
 .text          0x00000138        0x2 D:/Proteus.Pro.8.9.SP2.Build.28501.bitdownload.ir/projects/7.0/Packs/atmel/ATmega_DFP/1.7.374/gcc/dev/atmega2560/avr6/crtatmega2560.o
                0x00000138                __vector_38
                0x00000138                __vector_22
                0x00000138                __vector_28
                0x00000138                __vector_32
                0x00000138                __vector_34
                0x00000138                __vector_24
                0x00000138                __vector_12
                0x00000138                __vector_55
                0x00000138                __vector_46
                0x00000138                __bad_interrupt
                0x00000138                __vector_6
                0x00000138                __vector_31
                0x00000138                __vector_35
                0x00000138                __vector_39
                0x00000138                __vector_3
                0x00000138                __vector_23
                0x00000138                __vector_30
                0x00000138                __vector_45
                0x00000138                __vector_25
                0x00000138                __vector_11
                0x00000138                __vector_54
                0x00000138                __vector_13
                0x00000138                __vector_17
                0x00000138                __vector_19
                0x00000138                __vector_56
                0x00000138                __vector_7
                0x00000138                __vector_49
                0x00000138                __vector_41
                0x00000138                __vector_43
                0x00000138                __vector_27
                0x00000138                __vector_33
                0x00000138                __vector_47
                0x00000138                __vector_52
                0x00000138                __vector_37
                0x00000138                __vector_4
                0x00000138                __vector_44
                0x00000138                __vector_51
                0x00000138                __vector_9
                0x00000138                __vector_21
                0x00000138                __vector_15
                0x00000138                __vector_36
                0x00000138                __vector_29
                0x00000138                __vector_40
                0x00000138                __vector_8
                0x00000138                __vector_26
                0x00000138                __vector_48
                0x00000138                __vector_14
                0x00000138                __vector_53
                0x00000138                __vector_10
                0x00000138                __vector_50
                0x00000138                __vector_16
                0x00000138                __vector_18
                0x00000138                __vector_20
                0x00000138                __vector_42
                0x0000013a                . = ALIGN (0x2)
 *(.text.*)
 .text.write_data_to_eeprom
                0x0000013a        0x6 main.o
                0x0000013a                write_data_to_eeprom
 .text.read_data_from_eeprom
                0x00000140        0x6 main.o
                0x00000140                read_data_from_eeprom
 .text.set_configurations
                0x00000146       0xf4 main.o
                0x00000146                set_configurations
 .text.lcd_command
                0x0000023a       0x28 main.o
                0x0000023a                lcd_command
 .text.lcd_data
                0x00000262       0x28 main.o
                0x00000262                lcd_data
 .text.lcd_init
                0x0000028a       0x12 main.o
                0x0000028a                lcd_init
 .text.lcd_print
                0x0000029c       0x44 main.o
                0x0000029c                lcd_print
 .text.lcd_command_f
                0x000002e0       0x2a main.o
                0x000002e0                lcd_command_f
 .text.lcd_data_f
                0x0000030a       0x2a main.o
                0x0000030a                lcd_data_f
 .text.lcd_init_f
                0x00000334       0x12 main.o
                0x00000334                lcd_init_f
 .text.lcd_print_f
                0x00000346       0x44 main.o
                0x00000346                lcd_print_f
 .text.countStoredRows
                0x0000038a       0x32 main.o
                0x0000038a                countStoredRows
 .text.USART_Init
                0x000003bc       0x18 main.o
                0x000003bc                USART_Init
 .text.USART_Transmit
                0x000003d4       0x38 main.o
                0x000003d4                USART_Transmit
 .text.USART_TransmitChar
                0x0000040c        0xe main.o
                0x0000040c                USART_TransmitChar
 .text.USART_Receive
                0x0000041a        0xe main.o
                0x0000041a                USART_Receive
 .text.USART_ReceiveInt
                0x00000428       0x7c main.o
                0x00000428                USART_ReceiveInt
 .text.Incoming_Car
                0x000004a4      0x2de main.o
                0x000004a4                Incoming_Car
 .text.Outgoing_Car
                0x00000782      0x208 main.o
                0x00000782                Outgoing_Car
 .text.registerTourists
                0x0000098a       0x28 main.o
                0x0000098a                registerTourists
 .text.number_bottles_in_fridge
                0x000009b2       0x6c main.o
                0x000009b2                number_bottles_in_fridge
 .text.checkTouristsCount
                0x00000a1e       0xbe main.o
                0x00000a1e                checkTouristsCount
 .text.checkVehiclesInPark
                0x00000adc       0xd4 main.o
                0x00000adc                checkVehiclesInPark
 .text.checkCollectedFunds
                0x00000bb0       0xb8 main.o
                0x00000bb0                checkCollectedFunds
 .text.checkDriversCount
                0x00000c68       0xd4 main.o
                0x00000c68                checkDriversCount
 .text.replenishFridge
                0x00000d3c      0x13a main.o
                0x00000d3c                replenishFridge
 .text.checkCarsWaitingOutside
                0x00000e76       0x6c main.o
                0x00000e76                checkCarsWaitingOutside
 .text.checkParkStatus
                0x00000ee2       0x42 main.o
                0x00000ee2                checkParkStatus
 .text.handleSerialConsole
                0x00000f24       0x80 main.o
                0x00000f24                handleSerialConsole
 .text.keypad_init
                0x00000fa4       0x1c main.o
                0x00000fa4                keypad_init
 .text.read_keypad
                0x00000fc0      0x132 main.o
                0x00000fc0                read_keypad
 .text.__vector_1
                0x000010f2      0x112 main.o
                0x000010f2                __vector_1
 .text.__vector_2
                0x00001204       0x86 main.o
                0x00001204                __vector_2
 .text.dispense_bottles
                0x0000128a      0x358 main.o
                0x0000128a                dispense_bottles
 .text.main     0x000015e2       0x62 main.o
                0x000015e2                main
 .text.__vector_5
                0x00001644       0x4e main.o
                0x00001644                __vector_5
 .text.libgcc   0x00001692       0x10 d:/proteus.pro.8.9.sp2.build.28501.bitdownload.ir/projects/7.0/toolchain/avr8/avr8-gnu-toolchain/bin/../lib/gcc/avr/5.4.0/avr6\libgcc.a(_tablejump2.o)
                0x00001692                __tablejump2__
 .text.avr-libc
                0x000016a2       0x3a d:/proteus.pro.8.9.sp2.build.28501.bitdownload.ir/projects/7.0/toolchain/avr8/avr8-gnu-toolchain/bin/../lib/gcc/avr/5.4.0/../../../../avr/lib/avr6\libc.a(atoi.o)
                0x000016a2                atoi
 .text.avr-libc
                0x000016dc       0x10 d:/proteus.pro.8.9.sp2.build.28501.bitdownload.ir/projects/7.0/toolchain/avr8/avr8-gnu-toolchain/bin/../lib/gcc/avr/5.4.0/../../../../avr/lib/avr6\libc.a(mul10.o)
                0x000016dc                __mulhi_const_10
 .text.avr-libc
                0x000016ec       0x5c d:/proteus.pro.8.9.sp2.build.28501.bitdownload.ir/projects/7.0/toolchain/avr8/avr8-gnu-toolchain/bin/../lib/gcc/avr/5.4.0/../../../../avr/lib/avr6\libc.a(sprintf.o)
                0x000016ec                sprintf
 .text.avr-libc
                0x00001748      0x3fa d:/proteus.pro.8.9.sp2.build.28501.bitdownload.ir/projects/7.0/toolchain/avr8/avr8-gnu-toolchain/bin/../lib/gcc/avr/5.4.0/../../../../avr/lib/avr6\libc.a(vfprintf_std.o)
                0x00001748                vfprintf
 .text.avr-libc
                0x00001b42       0x16 d:/proteus.pro.8.9.sp2.build.28501.bitdownload.ir/projects/7.0/toolchain/avr8/avr8-gnu-toolchain/bin/../lib/gcc/avr/5.4.0/../../../../avr/lib/avr6\libc.a(strnlen_P.o)
                0x00001b42                strnlen_P
 .text.avr-libc
                0x00001b58       0x16 d:/proteus.pro.8.9.sp2.build.28501.bitdownload.ir/projects/7.0/toolchain/avr8/avr8-gnu-toolchain/bin/../lib/gcc/avr/5.4.0/../../../../avr/lib/avr6\libc.a(strnlen.o)
                0x00001b58                strnlen
 .text.avr-libc
                0x00001b6e       0x78 d:/proteus.pro.8.9.sp2.build.28501.bitdownload.ir/projects/7.0/toolchain/avr8/avr8-gnu-toolchain/bin/../lib/gcc/avr/5.4.0/../../../../avr/lib/avr6\libc.a(fputc.o)
                0x00001b6e                fputc
 .text.avr-libc
                0x00001be6       0xbc d:/proteus.pro.8.9.sp2.build.28501.bitdownload.ir/projects/7.0/toolchain/avr8/avr8-gnu-toolchain/bin/../lib/gcc/avr/5.4.0/../../../../avr/lib/avr6\libc.a(ultoa_invert.o)
                0x00001be6                __ultoa_invert
 .text.avr-libc
                0x00001ca2       0x20 D:/Proteus.Pro.8.9.SP2.Build.28501.bitdownload.ir/projects/7.0/Packs/atmel/ATmega_DFP/1.7.374/gcc/dev/atmega2560/avr6\libatmega2560.a(eerd_block.o)
                0x00001ca2                eeprom_read_block
                0x00001ca6                eeprom_read_blraw
 .text.avr-libc
                0x00001cc2       0x1e D:/Proteus.Pro.8.9.SP2.Build.28501.bitdownload.ir/projects/7.0/Packs/atmel/ATmega_DFP/1.7.374/gcc/dev/atmega2560/avr6\libatmega2560.a(eeupd_block.o)
                0x00001cc2                eeprom_update_block
 .text.avr-libc
                0x00001ce0       0x24 D:/Proteus.Pro.8.9.SP2.Build.28501.bitdownload.ir/projects/7.0/Packs/atmel/ATmega_DFP/1.7.374/gcc/dev/atmega2560/avr6\libatmega2560.a(eeupd_byte.o)
                0x00001ce0                eeprom_update_byte
                0x00001ce2                eeprom_update_r18
                0x00001d04                . = ALIGN (0x2)
 *(.fini9)
 .fini9         0x00001d04        0x0 d:/proteus.pro.8.9.sp2.build.28501.bitdownload.ir/projects/7.0/toolchain/avr8/avr8-gnu-toolchain/bin/../lib/gcc/avr/5.4.0/avr6\libgcc.a(_exit.o)
                0x00001d04                _exit
                0x00001d04                exit
 *(.fini9)
 *(.fini8)
 *(.fini8)
 *(.fini7)
 *(.fini7)
 *(.fini6)
 *(.fini6)
 *(.fini5)
 *(.fini5)
 *(.fini4)
 *(.fini4)
 *(.fini3)
 *(.fini3)
 *(.fini2)
 *(.fini2)
 *(.fini1)
 *(.fini1)
 *(.fini0)
 .fini0         0x00001d04        0x4 d:/proteus.pro.8.9.sp2.build.28501.bitdownload.ir/projects/7.0/toolchain/avr8/avr8-gnu-toolchain/bin/../lib/gcc/avr/5.4.0/avr6\libgcc.a(_exit.o)
 *(.fini0)
                0x00001d08                _etext = .

.data           0x00800200      0x56a load address 0x00001d08
                0x00800200                PROVIDE (__data_start, .)
 *(.data)
 *(.data*)
 .data.num_bottles_in_fridge
                0x00800200        0x2 main.o
                0x00800200                num_bottles_in_fridge
 .data.fridge_capacity
                0x00800202        0x2 main.o
                0x00800202                fridge_capacity
 .data.Password
                0x00800204        0x6 main.o
                0x00800204                Password
 .data.tourist_park_capacity
                0x0080020a        0x2 main.o
                0x0080020a                tourist_park_capacity
 .data.water_price
                0x0080020c        0x2 main.o
                0x0080020c                water_price
 .data.adultFee
                0x0080020e        0x2 main.o
                0x0080020e                adultFee
 .data.childFee
                0x00800210        0x2 main.o
                0x00800210                childFee
 *(.gnu.linkonce.d*)
 *(.rodata)
 .rodata        0x00800212        0xe main.o
 *(.rodata*)
 .rodata.str1.1
                0x00800220      0x54a main.o
                                0x550 (size before relaxing)
 *(.gnu.linkonce.r*)
                0x0080076a                . = ALIGN (0x2)
                0x0080076a                _edata = .
                0x0080076a                PROVIDE (__data_end, .)

.bss            0x0080076a       0x8c
                0x0080076a                PROVIDE (__bss_start, .)
 *(.bss)
 *(.bss*)
 .bss.switchOutPressed
                0x0080076a        0x1 main.o
                0x0080076a                switchOutPressed
 .bss.switchInPressed
                0x0080076b        0x1 main.o
                0x0080076b                switchInPressed
 .bss.entrance_fee_collected
                0x0080076c        0x2 main.o
                0x0080076c                entrance_fee_collected
 .bss.fridge_money_collected
                0x0080076e        0x2 main.o
                0x0080076e                fridge_money_collected
 .bss.total_money_collected
                0x00800770        0x2 main.o
                0x00800770                total_money_collected
 .bss.num_vehicles_outside
                0x00800772        0x2 main.o
                0x00800772                num_vehicles_outside
 .bss.num_vehicles_in_park
                0x00800774        0x2 main.o
                0x00800774                num_vehicles_in_park
 .bss.num_drivers_in_park
                0x00800776        0x2 main.o
                0x00800776                num_drivers_in_park
 .bss.num_adults_in_park
                0x00800778        0x2 main.o
                0x00800778                num_adults_in_park
 .bss.num_children_in_park
                0x0080077a        0x2 main.o
                0x0080077a                num_children_in_park
 .bss.touristsInPark
                0x0080077c        0x2 main.o
                0x0080077c                touristsInPark
 .bss.numberplate
                0x0080077e       0x78 main.o
                0x0080077e                numberplate
 *(COMMON)
                0x008007f6                PROVIDE (__bss_end, .)
                0x00001d08                __data_load_start = LOADADDR (.data)
                0x00002272                __data_load_end = (__data_load_start + SIZEOF (.data))

.noinit         0x008007f6        0x0
                [!provide]                PROVIDE (__noinit_start, .)
 *(.noinit*)
                [!provide]                PROVIDE (__noinit_end, .)
                0x008007f6                _end = .
                [!provide]                PROVIDE (__heap_start, .)

.eeprom         0x00810000        0x0
 *(.eeprom*)
                0x00810000                __eeprom_end = .

.fuse
 *(.fuse)
 *(.lfuse)
 *(.hfuse)
 *(.efuse)

.lock
 *(.lock*)

.signature
 *(.signature*)

.user_signatures
 *(.user_signatures*)

.stab
 *(.stab)

.stabstr
 *(.stabstr)

.stab.excl
 *(.stab.excl)

.stab.exclstr
 *(.stab.exclstr)

.stab.index
 *(.stab.index)

.stab.indexstr
 *(.stab.indexstr)

.comment        0x00000000       0x5c
 *(.comment)
 .comment       0x00000000       0x30 main.o
                                 0x31 (size before relaxing)
 .comment       0x00000030       0x31 d:/proteus.pro.8.9.sp2.build.28501.bitdownload.ir/projects/7.0/toolchain/avr8/avr8-gnu-toolchain/bin/../lib/gcc/avr/5.4.0/../../../../avr/lib/avr6\libc.a(sprintf.o)
 .comment       0x00000030       0x2c d:/proteus.pro.8.9.sp2.build.28501.bitdownload.ir/projects/7.0/toolchain/avr8/avr8-gnu-toolchain/bin/../lib/gcc/avr/5.4.0/../../../../avr/lib/avr6\libc.a(vfprintf_std.o)
                                 0x2d (size before relaxing)
 .comment       0x0000005c       0x31 d:/proteus.pro.8.9.sp2.build.28501.bitdownload.ir/projects/7.0/toolchain/avr8/avr8-gnu-toolchain/bin/../lib/gcc/avr/5.4.0/../../../../avr/lib/avr6\libc.a(fputc.o)

.note.gnu.avr.deviceinfo
                0x00000000       0x40
 .note.gnu.avr.deviceinfo
                0x00000000       0x40 D:/Proteus.Pro.8.9.SP2.Build.28501.bitdownload.ir/projects/7.0/Packs/atmel/ATmega_DFP/1.7.374/gcc/dev/atmega2560/avr6/crtatmega2560.o

.note.gnu.build-id
 *(.note.gnu.build-id)

.debug
 *(.debug)

.line
 *(.line)

.debug_srcinfo
 *(.debug_srcinfo)

.debug_sfnames
 *(.debug_sfnames)

.debug_aranges  0x00000000      0x1b0
 *(.debug_aranges)
 .debug_aranges
                0x00000000      0x150 main.o
 .debug_aranges
                0x00000150       0x20 D:/Proteus.Pro.8.9.SP2.Build.28501.bitdownload.ir/projects/7.0/Packs/atmel/ATmega_DFP/1.7.374/gcc/dev/atmega2560/avr6\libatmega2560.a(eerd_block.o)
 .debug_aranges
                0x00000170       0x20 D:/Proteus.Pro.8.9.SP2.Build.28501.bitdownload.ir/projects/7.0/Packs/atmel/ATmega_DFP/1.7.374/gcc/dev/atmega2560/avr6\libatmega2560.a(eeupd_block.o)
 .debug_aranges
                0x00000190       0x20 D:/Proteus.Pro.8.9.SP2.Build.28501.bitdownload.ir/projects/7.0/Packs/atmel/ATmega_DFP/1.7.374/gcc/dev/atmega2560/avr6\libatmega2560.a(eeupd_byte.o)

.debug_pubnames
 *(.debug_pubnames)

.debug_info     0x00000000     0x434e
 *(.debug_info .gnu.linkonce.wi.*)
 .debug_info    0x00000000      0xbbc D:/Proteus.Pro.8.9.SP2.Build.28501.bitdownload.ir/projects/7.0/Packs/atmel/ATmega_DFP/1.7.374/gcc/dev/atmega2560/avr6/crtatmega2560.o
 .debug_info    0x00000bbc     0x35c0 main.o
 .debug_info    0x0000417c       0x9b D:/Proteus.Pro.8.9.SP2.Build.28501.bitdownload.ir/projects/7.0/Packs/atmel/ATmega_DFP/1.7.374/gcc/dev/atmega2560/avr6\libatmega2560.a(eerd_block.o)
 .debug_info    0x00004217       0x9c D:/Proteus.Pro.8.9.SP2.Build.28501.bitdownload.ir/projects/7.0/Packs/atmel/ATmega_DFP/1.7.374/gcc/dev/atmega2560/avr6\libatmega2560.a(eeupd_block.o)
 .debug_info    0x000042b3       0x9b D:/Proteus.Pro.8.9.SP2.Build.28501.bitdownload.ir/projects/7.0/Packs/atmel/ATmega_DFP/1.7.374/gcc/dev/atmega2560/avr6\libatmega2560.a(eeupd_byte.o)

.debug_abbrev   0x00000000      0xeef
 *(.debug_abbrev)
 .debug_abbrev  0x00000000      0xb1a D:/Proteus.Pro.8.9.SP2.Build.28501.bitdownload.ir/projects/7.0/Packs/atmel/ATmega_DFP/1.7.374/gcc/dev/atmega2560/avr6/crtatmega2560.o
 .debug_abbrev  0x00000b1a      0x399 main.o
 .debug_abbrev  0x00000eb3       0x14 D:/Proteus.Pro.8.9.SP2.Build.28501.bitdownload.ir/projects/7.0/Packs/atmel/ATmega_DFP/1.7.374/gcc/dev/atmega2560/avr6\libatmega2560.a(eerd_block.o)
 .debug_abbrev  0x00000ec7       0x14 D:/Proteus.Pro.8.9.SP2.Build.28501.bitdownload.ir/projects/7.0/Packs/atmel/ATmega_DFP/1.7.374/gcc/dev/atmega2560/avr6\libatmega2560.a(eeupd_block.o)
 .debug_abbrev  0x00000edb       0x14 D:/Proteus.Pro.8.9.SP2.Build.28501.bitdownload.ir/projects/7.0/Packs/atmel/ATmega_DFP/1.7.374/gcc/dev/atmega2560/avr6\libatmega2560.a(eeupd_byte.o)

.debug_line     0x00000000     0x1711
 *(.debug_line .debug_line.* .debug_line_end)
 .debug_line    0x00000000      0x1fa D:/Proteus.Pro.8.9.SP2.Build.28501.bitdownload.ir/projects/7.0/Packs/atmel/ATmega_DFP/1.7.374/gcc/dev/atmega2560/avr6/crtatmega2560.o
 .debug_line    0x000001fa     0x1311 main.o
 .debug_line    0x0000150b       0xab D:/Proteus.Pro.8.9.SP2.Build.28501.bitdownload.ir/projects/7.0/Packs/atmel/ATmega_DFP/1.7.374/gcc/dev/atmega2560/avr6\libatmega2560.a(eerd_block.o)
 .debug_line    0x000015b6       0xa5 D:/Proteus.Pro.8.9.SP2.Build.28501.bitdownload.ir/projects/7.0/Packs/atmel/ATmega_DFP/1.7.374/gcc/dev/atmega2560/avr6\libatmega2560.a(eeupd_block.o)
 .debug_line    0x0000165b       0xb6 D:/Proteus.Pro.8.9.SP2.Build.28501.bitdownload.ir/projects/7.0/Packs/atmel/ATmega_DFP/1.7.374/gcc/dev/atmega2560/avr6\libatmega2560.a(eeupd_byte.o)

.debug_frame    0x00000000      0x534
 *(.debug_frame)
 .debug_frame   0x00000000      0x534 main.o

.debug_str      0x00000000      0xab0
 *(.debug_str)
 .debug_str     0x00000000      0x3e6 D:/Proteus.Pro.8.9.SP2.Build.28501.bitdownload.ir/projects/7.0/Packs/atmel/ATmega_DFP/1.7.374/gcc/dev/atmega2560/avr6/crtatmega2560.o
 .debug_str     0x000003e6      0x6ca main.o
                                0x71d (size before relaxing)

.debug_loc      0x00000000     0x18be
 *(.debug_loc)
 .debug_loc     0x00000000     0x18be main.o

.debug_macinfo
 *(.debug_macinfo)

.debug_weaknames
 *(.debug_weaknames)

.debug_funcnames
 *(.debug_funcnames)

.debug_typenames
 *(.debug_typenames)

.debug_varnames
 *(.debug_varnames)

.debug_pubtypes
 *(.debug_pubtypes)

.debug_ranges   0x00000000      0x1d0
 *(.debug_ranges)
 .debug_ranges  0x00000000      0x1d0 main.o

.debug_macro
 *(.debug_macro)
OUTPUT(LCD.elf elf32-avr)
LOAD linker stubs
